node.exe : [31mΓ£ù[39m 
Build failed in 611ms
At line:1 char:1
+ & "C:\Program 
Files\nodejs/node.exe" 
"C:\Program 
Files\nodejs/node_mo ...
+ ~~~~~~~~~~~~~~~~~~~~~~~~~
~~~~~~~~~~~~~~~~~~~~~~~~~~~
~~~~~~~~~~~~~~~~~
    + CategoryInfo         
     : NotSpecified: ([3  
  1mΓ£ù[39m Build faile   
 d in 611ms:String) [],    
 RemoteException
    + FullyQualifiedErrorI 
   d : NativeCommandError
 
[31merror during build:
[31mBuild failed with 1 
error:

[31m[builtin:vite-transfor
m] Error:[0m Unexpected 
token. Did you mean 
`{'}'}` or `&rbrace;`?
     [38;5;246mΓò¡[0m[38
;5;246mΓöÇ[0m[38;5;246m[
[0m src/pages/Dashboard.jsx
:170:1 [38;5;246m][0m
     [38;5;246mΓöé[0m
 [38;5;246m170 Γöé[0m 
[38;5;249m}[0m
 [38;5;240m    Γöé[0m 
Γöé 
 [38;5;240m    Γöé[0m 
Γò░ΓöÇ 
[38;5;246mΓöÇΓöÇΓöÇΓöÇΓöÇΓ
ò»[0m
[31m
    at aggregateBindingErro
rsIntoJsError (file:///C:/U
sers/pshas/OneDrive/Desktop
/nebula/node_modules/rolldo
wn/dist/shared/error-BO4SlZ
V_.mjs:48:18)
    at unwrapBindingResult 
(file:///C:/Users/pshas/One
Drive/Desktop/nebula/node_m
odules/rolldown/dist/shared
/error-BO4SlZV_.mjs:18:128)
    at #build (file:///C:/U
sers/pshas/OneDrive/Desktop
/nebula/node_modules/rolldo
wn/dist/shared/rolldown-bui
ld-yQC7KN8K.mjs:3311:34)
    at async 
buildEnvironment (file:///C
:/Users/pshas/OneDrive/Desk
top/nebula/node_modules/vit
e/dist/node/chunks/node.js:
32817:64)
    at async Object.build (
file:///C:/Users/pshas/OneD
rive/Desktop/nebula/node_mo
dules/vite/dist/node/chunks
/node.js:33239:19)
    at async 
Object.buildApp (file:///C:
/Users/pshas/OneDrive/Deskt
op/nebula/node_modules/vite
/dist/node/chunks/node.js:3
3236:153)
    at async 
CAC.<anonymous> (file:///C:
/Users/pshas/OneDrive/Deskt
op/nebula/node_modules/vite
/dist/node/cli.js:778:3) {
  errors: [Getter/Setter]
}[39m
